<xml>
<Map>
    <size width="20" height="20" />
    <rows>
        <row>miiiiiiiiiiiiiiiiiin</row>
        <row>k233333333333333333l</row>
        <row>k411111@@@111811111l</row>
        <row>k41C51BTTT?@@@11C51l</row>
        <row>k416711=TTTTTT?1671l</row>
        <row>k4181111|||||=T?:11l</row>
        <row>k41111FEEqEEG5=T?11l</row>
        <row>k48181Dz{{{{D4BTT?1l</row>
        <row>k41111D|yyyyD41|||1l</row>
        <row>k41:11D|yC}yHEEEG51l</row>
        <row>k41111D|y~y~{{{s41l</row>
        <row>miiiiiiiiiiiiiiiiiin</row>
        <row>k41111D|yyyyD233371l</row>
        <row>k41111HEEqEEI41@181l</row>
        <row>k41:1163333337AT?11l</row>
        <row>k411@@1111111BTTT?1l</row>
        <row>k41AT;11181111=TT;1l</row>
        <row>k4BT;1C51111C51||11l</row>
        <row>k41|116711116711181l</row>
        <row>pjjjjjjjjjjjjjjjjjjo</row>
    </rows>
    <start x="8" y="8" />
    <exit x="18" y="18" />
    <items>3</items>
    <time>120</time>
    <goods>6</goods>
    <enemies>
        <pos x="2" y="7" />
    </enemies>
</Map>
