80 60
ejjjjjjjjjjjjjjjjjjjfSSSSSSSSSSSSSSejjjjjjjjjjjjjjjjjjjjjjjjjjjjjjjjjjjjjjjjjjjf
lmiiiiiiiiiiiiiiiiinkSSSSSSSSSS;<<<giiiiiiiiiiiiiiiiiiiiiiiiiiiiiiiiiiiiiiiiiink
lkVW333333333333333lkSSSSSSSSSS>1116333333333333333333333333333333333333333333lk
lkXUUU8818188111811lkSSS;<<<<<<11811111ejjjjjjjjjjjjjjjjjjfYUejjjjjjjjjjjjjjjjok
lkX8aU1818118181181lkSSS>19888889118111lmiiiiiiiiiiiiiiiiihX`giiiiiiiiiiiiiiiink
lk4811a818811118111lkSSS>1181@@11811811lkVWWWWWWWWWWWWWWWWW[UZWWWWWWWWWWWWWWWWlk
lk4118881U181188181lkSSS>111ASS?@118111lkXaUUUUUUUU`UUUUU````U```U`UUUU``UUUUUlk
lk418111111a1888811lk;<<11@ASSSSS?11881lkXUUUUUUUUUUU`UU``````````UUUUUUUUUUaUlk
lk4111181Ua11111111lk>111ASSSSSSSS?1111lkXUUUUUUUUUUUU``UU``````UUU`U`UUUUUUUUlk
lpjf5ejfOYUOejjjjjjok>89BSSSSSSSSSS>891lkXUUUUUaUUUUUUUUU`U```UUUUUUUUUUUUUUUUlk
lmih4gnkDXUDgiiiiiiih>181=SSSSSSSSS?111lkPEEEEEEEEEEEEEEEGY``UUFEEEEEEEuEEEEEGlk
lk2376lkDXUD233337ASS?@11BSSSSSSSSSS>11lkVWWWWWWWWWWWWWWWDX`UUUDVWWWWWWWWWWWWDlk
lk4888lkDXUD49:::BSSSSS>88=SSSSSSSSS>81lkX81111888118111UDXUUUUDXUUbUbUUUbUbUDlk
lk4111lkDXUD411811=SSSS>181=SSSSSS;<111lkX1888::::::1::1UDXUUUUDXUUcUcUUUcUcUDlk
lk41:8lkDXUD418::8BSSSS?1111=SSS;<11111lkX181:111188:881UDXUUUUDXUUUUUUUUUUUUDlk
lk481:lkDXUD41:181BSSSSS1181BSSS>881818lkX:881188:8:8:81UxXUUUUDXUUbUbUUUbUbUDlk
lk4111lkDXUHEEMEEEEEEEEEQ5111<<<1181111lkX::88811:::::81UDXUUUUDXUUcUcUUUcUcUDlk
lk4188lkDXUZWWwVWWWWWWWW371818911818911lkX8881181::1:181UDXUUUUDXUUUUUUUUUUUUDlk
lk4198lkDXUFEELEEEEEEEEEQ51888111811181lkX1:88::::1:8881UDXUUUUHEEEEEEEuEEEEEKlk
lk4:11lkDXUD233333BSSSSef41111111111111lkX::188::88::::1UDXUUUUZWWWWWWWWWWWWWDlk
lk4::1lkDXUD418818BSSSSlpjjfFEqEGejjjjjokX1:11181111::11aDXUUUUUUUUUUUUUUUUUUDlk
lk48::lkDXUD481:::ASSSSgiiihDVWWDgiiiiiihXUUUUUUUUUUUUUUUDXUUUUUUUUUUUUUUUUUUDlk
lk411:lkDXUD41111ASSSS;33333DXUUD333333WW[FEEEEuEEEEEEEEEKXUUUUUUUUUUUUUUUaUUDlk
lk488:lkDXUD4981BSSSSS>11111DXUUD111111UUUDVWWWWWWWWWWWWWDXUUaUUUUUUUUUUUUUUUDlk
lk4811lkDXUD4111BSSSSS>11111DXUUD111111UUUDXUUUUUUUUUUUUUDXUUUUUUUUUUUUUUUUUUDlk
lk4988lkDXUHEEEEEEEEEEEEEEEEIXUUHEEEEMEEEEIXUUUUUUUUUUUUUDXUUUUUUUUUUUUUUUUUUDlk
lk4118lkDXUZWWWWWWWWWWWWWWWWW[UUZWWWWDVWWWW[UUUUUUUUUUUUUDXUUUUaUUUUUUUUUUUUUDlk
lk4888lkDXUUUUUUUUUUUUUUUUUUUUUUUUUUUwXUUUUUUUUUUUUUUUUUUDXUUUUUUUUUUUUUUUUUUDlk
lk4818lkDXUUUUUUUUUUUUUUUUUUUUUUUUUUUDXUUUUUUaUUUUUUUUUUUJEEEEEEEEEMEEEEuEEEEKlk
lk4888lkHEEGYFEEEEEEEEEGYFEEEEEEEEEEELEEEEEEEEEuEEEEEEEEEIefz{{{{{{DVWWWWWWWWDlk
lk4888lk233DXD23BSSSSS>DXD233333333333efz{{{{{{{{{{{{{{{{{lk|yyyyyyDXaUUUUUUUDlk
lk4111lk488DXw41BSSSSS>wXD481::1111111lk|yyyyyyyyyy€yyyyyylk|yyyyyyDXUUUUUUaUDlk
lk488:lk489DXD481=SSSS>DXD481:81::1111lk|yyyyyyyyyyyyy€yyylk|yyyyyyDXUUUUUUUUDlk
lk418:lk411DXHEEEEEEEEEIXD411::188:881lk|y€yyyyyyy€yyyyyyylk|yyyyyyDXUUUUUUUUDlk
lk4181lk481DXZWWWWWWWWWW[D4918::::::88lk|yyyyyyyyyyy€yyy€ylk|yyyyyyDXUUUUUUUUDlk
lk4911lk411HEEEEEEEEEEEEEI41118::11:18lk|yyyy€yyyyyyyyyyyylk|yyyyyyDXUUUUUUUUDlk
lk4111lk4:86333333BSSSS?33711::8881:11lk|yyyyyyyyyyyyyyyyylk|yyyyyyDXUUUUUUUUDlk
lk4111lk4::1::::11BSSSSS?@@11911188911lk|yyyyyyyyyyyyyyyyylk|yyyyyyDXaUUUUUUUDlk
lk4111lk411:111:111=SSSSSSS?111:1:81:1lpjjjjjjjjjjjjjjjjjjok|yyyyyyDXUUUUUUUUDlk
lk4111lk411::11:1111<=SSSSSS>:111:11:8lmiiiiiiiiiiiiiiiiiiih|yyyyyyDXUUUUUUUUDlk
lk4111lk41111:1:::1111<<=SSS>1:::18188lkVWWWWWWWWWWWWWWWWWOzyyyyyyJEEEEvEEEEKlk
lpjjjjok41111::1111111@@ASSS?1:1198881lkXUUUUU`UUUUUUU`UUUD|yyyyyyyDWWWWWWWWWDlk
lmiiiiih411111::11111BSSSSSSS?@@111188lkXUUOY`UOY`UOYUUOYUx|yyyyyyyDUaUUUUUUUDlk
lk2333337111111111111ASS;<=SSSSS?11:18lkXUUDXUUDXUUDXUUDXUD|yyyyyyyDUUUUUUaUUDlk
lk418:18181:11111111ASS;1:1=SSSSS?@@11lkXdUDXdUDXdUDXdUDXUD|yyyyyyyDUUUUUUUUUDlk
lk491811811118111:1ASS;11:1BSSSSSSSS>1lkPEELEEELEEELEEELEEI|yyyyyyyHEEEEuEEEEKlk
lk4:11:119:1819111BSS;1O5O5BSSSSSSSS?1lkz{{{{{{{{{{{{{{{{{{yyyyyyy~{{{{{{{{{Dlk
lk4988881::11:1991BSS>FI4HG5=SSSSSSSS>lk|yyyy€yO}yyyyyyyyyyyyyy€yyyyyyy€yyy€yDlk
lk411:1119111::111BSS>DV[ZD4BSSSSSSS;1lkPEQ}yPEK|FEEuEEMEEuEEMEEuEEMEEvEEG}yyDlk
lk411111::9::111::BSS>DXUUD41<<<<<<<11lkVWW[UZWD|DVWWWWDVWWWWDVWWWWDVWWWWD|yyDlk
lk4111818811811111BSS>DXUUD41111:11:11lkXUUUUUbD|DX\]UUDXUU\]DXUU\]DX\]`UD|yyDlk
lk4911881881:11899BSS>HG}FI41:9::11::1lkXU`U`UcD|DX^_UUDXUU^_DXUU^_DX^_``D|€yDlk
lk41:8111811118111BSS>6D|D2711111::191lkXUU`UUbD|DXUUUUDXaUU`DXUUUUDXUUUUD|yyDlk
lk4:11::9::9:8:111PEEQ5D|D411111111111lkXUUUUUcD|DX\]UUDXUUUUDXU`UUDXUUUUD|yyDlk
lk4918111111811181ZWWW7D|HEEEEEEEEEEEQghPEEEEEEI|DX^_UUDXUU\]DXUU\]DXU\]UD|yyDlk
lk4111981:18118111PEEQ5D|~{{{{{{{{{{{{{{{{{{{{{{DXUUUUDXU`^_DXUU^_DXU^_UD|yyDlk
lk41:1:11111819188BSS>1HEEEEEEEEEEEEEQefyyyyyy€yyDXUU`UDXUUUUDXUUUUDXaUUUD|yyDlk
lk4111111111118111BSS>1633333333333333lkPEEEEEEEELEEEEELEEEEELEEEEELEEEEELEEEIlk
lpjjjjjjjjjjjjjjjjfSS>1111111111111111lpjjjjjjjjjjjjjjjjjjjjjjjjjjjjjjjjjjjjjjok
giiiiiiiiiiiiiiiiihSSPEEEEEEEEEEEEEEEQgiiiiiiiiiiiiiiiiiiiiiiiiiiiiiiiiiiiiiiiih
5 48
4 40
0
180
30
35
5 3
13 3
5 5
13 5
76 56
40 40
40 53
24 49
72 34
71 14
47 25
30 18
10 27
2 43
22 34
42 15
55 15
56 25
38 27
17 26
17 28
30 25
29 21
31 21
18 17
24 15
15 11
12 24
38 19
20 17
22 17
27 19
33 19
38 2
38 5
